[template.cospo.itembridge.com/sport-shop.html]
[template.cospo.itembridge.com/img/favicon.ico]
[backblue.gif]
[fade.gif]
[index.html]
[template.cospo.itembridge.com/img/sport/bg/bg-1.jpg]
[template.cospo.itembridge.com/index.html]
[template.cospo.itembridge.com/img/sport/bg/bg-2.jpg]
[template.cospo.itembridge.com/img/sport/logo/1.png]
[template.cospo.itembridge.com/img/sport/logo/2.png]
[template.cospo.itembridge.com/img/sport/logo/3.png]
[template.cospo.itembridge.com/img/sport/logo/4.png]
[template.cospo.itembridge.com/img/sport/logo/5.png]
[template.cospo.itembridge.com/img/sport/logo/6.png]
[template.cospo.itembridge.com/img/sport/bg/bg-3.jpg]
[template.cospo.itembridge.com/img/sport/bg/bg-4.jpg]
[template.cospo.itembridge.com/img/sport/label/sport-element-1.jpg]
[template.cospo.itembridge.com/img/sport/label/services-element-2.jpg]
[template.cospo.itembridge.com/img/sport/label/services-element-3.jpg]
[template.cospo.itembridge.com/img/sport/label/services-element-4.jpg]
[template.cospo.itembridge.com/img/sport/label/services-element-5.jpg]
[template.cospo.itembridge.com/img/sport/label/services-element-6.jpg]
[template.cospo.itembridge.com/img/sport/label/services-element-7.jpg]
[template.cospo.itembridge.com/img/sport/label/services-element-8.jpg]
[template.cospo.itembridge.com/img/sport/label/services-element-9.jpg]
[template.cospo.itembridge.com/img/sport/label/services-element-10.jpg]
[template.cospo.itembridge.com/img/sport/bg/bg-5.jpg]
[template.cospo.itembridge.com/js/jquery-2.2.2.min.js]
[template.cospo.itembridge.com/js/notify.js]
[template.cospo.itembridge.com/js/core.js]
[template.cospo.itembridge.com/js/app.js]
[template.cospo.itembridge.com/sport-shop.html]
[template.cospo.itembridge.com/css/bootstrap.css]
[template.cospo.itembridge.com/fonts/1457133584.eot]
[template.cospo.itembridge.com/fonts/1457133584d41d.eot]
[template.cospo.itembridge.com/fonts/1457133584.woff]
[template.cospo.itembridge.com/fonts/1457133584.ttf]
[template.cospo.itembridge.com/img/app1/iphone.png]
[template.cospo.itembridge.com/img/login/man.jpg]
[template.cospo.itembridge.com/img/login/girl.jpg]
[template.cospo.itembridge.com/img/login/singer.jpg]
[template.cospo.itembridge.com/img/singer/man-element1.png]
[template.cospo.itembridge.com/img/classic-performer/piano-element-1.jpg]
[template.cospo.itembridge.com/img/classic-performer/piano-element-1@2x.jpg]
[template.cospo.itembridge.com/img/dj/man.png]
[template.cospo.itembridge.com/img/boys-band/element-about.jpg]
[template.cospo.itembridge.com/img/boys-band/element-about@2x.jpg]
[template.cospo.itembridge.com/img/sport/sport-element-bg1.png]
[template.cospo.itembridge.com/img/login/rest.jpg]
[template.cospo.itembridge.com/img/app2/element-bgr.png]
[template.cospo.itembridge.com/img/app3/element-bg1.png]
[template.cospo.itembridge.com/img/app3/element-bg2.png]
[template.cospo.itembridge.com/img/photographer-agency/photo-element-bg1.png]
[template.cospo.itembridge.com/img/law-firm/element-bg1.png]
[template.cospo.itembridge.com/img/law-firm/about/image.jpg]
[template.cospo.itembridge.com/img/law-firm/about/image@2x.jpg]
[template.cospo.itembridge.com/img/community/image.jpg]
[template.cospo.itembridge.com/img/community/element1-bg1.png]
[template.cospo.itembridge.com/img/community/element2-bg1.png]
[template.cospo.itembridge.com/css/main.css]
[template.cospo.itembridge.com/promo/img/into-gallery/1.jpg]
[template.cospo.itembridge.com/promo/img/into-gallery/2.jpg]
[template.cospo.itembridge.com/promo/img/into-gallery/3.jpg]
[template.cospo.itembridge.com/promo/img/into-gallery/4.jpg]
[template.cospo.itembridge.com/promo/img/into-gallery/5.jpg]
[template.cospo.itembridge.com/promo/img/into-gallery/6.jpg]
[template.cospo.itembridge.com/promo/img/into-gallery/7.jpg]
[template.cospo.itembridge.com/promo/img/into-gallery/8.jpg]
[template.cospo.itembridge.com/promo/img/into-gallery/9.jpg]
[template.cospo.itembridge.com/promo/img/into-gallery/10.jpg]
[template.cospo.itembridge.com/promo/img/into-gallery/11.jpg]
[template.cospo.itembridge.com/promo/img/into-gallery/12.jpg]
[template.cospo.itembridge.com/promo/img/into-gallery/13.jpg]
[template.cospo.itembridge.com/promo/img/into-gallery/14.jpg]
[template.cospo.itembridge.com/promo/img/into-gallery/15.jpg]
[template.cospo.itembridge.com/promo/img/into-gallery/16.jpg]
[template.cospo.itembridge.com/promo/img/into-gallery/17.jpg]
[template.cospo.itembridge.com/promo/img/into-gallery/18.jpg]
[template.cospo.itembridge.com/promo/img/into-gallery/19.jpg]
[template.cospo.itembridge.com/promo/img/into-gallery/20.jpg]
[template.cospo.itembridge.com/promo/img/into-gallery/21.jpg]
[template.cospo.itembridge.com/promo/img/into-gallery/22.jpg]
[template.cospo.itembridge.com/promo/img/into-gallery/23.jpg]
[template.cospo.itembridge.com/promo/img/into-gallery/24.jpg]
[template.cospo.itembridge.com/boys-band.html]
[template.cospo.itembridge.com/promo/img/7.jpg]
[template.cospo.itembridge.com/agency.html]
[template.cospo.itembridge.com/promo/img/1.jpg]
[template.cospo.itembridge.com/dj.html]
[template.cospo.itembridge.com/promo/img/23.jpg]
[template.cospo.itembridge.com/photographer-agency.html]
[template.cospo.itembridge.com/promo/img/16.jpg]
[template.cospo.itembridge.com/law-firm.html]
[template.cospo.itembridge.com/promo/img/13.jpg]
[template.cospo.itembridge.com/promo/img/24.jpg]
[template.cospo.itembridge.com/classic-performer.html]
[template.cospo.itembridge.com/promo/img/10.jpg]
[template.cospo.itembridge.com/rental-boards.html]
[template.cospo.itembridge.com/promo/img/18.jpg]
[template.cospo.itembridge.com/app1.html]
[template.cospo.itembridge.com/promo/img/2.jpg]
[template.cospo.itembridge.com/app2.html]
[template.cospo.itembridge.com/promo/img/3.jpg]
[template.cospo.itembridge.com/app3.html]
[template.cospo.itembridge.com/promo/img/4.jpg]
[template.cospo.itembridge.com/personal-man.html]
[template.cospo.itembridge.com/promo/img/15.jpg]
[template.cospo.itembridge.com/personal-girl.html]
[template.cospo.itembridge.com/promo/img/14.jpg]
[template.cospo.itembridge.com/restaurant.html]
[template.cospo.itembridge.com/promo/img/19.jpg]
[template.cospo.itembridge.com/singer.html]
[template.cospo.itembridge.com/promo/img/20.jpg]
[template.cospo.itembridge.com/video-maker.html]
[template.cospo.itembridge.com/promo/img/22.jpg]
[template.cospo.itembridge.com/artist.html]
[template.cospo.itembridge.com/promo/img/5.jpg]
[template.cospo.itembridge.com/coming-soon.html]
[template.cospo.itembridge.com/promo/img/8.jpg]
[template.cospo.itembridge.com/community.html]
[template.cospo.itembridge.com/promo/img/9.jpg]
[template.cospo.itembridge.com/graphic-designer.html]
[template.cospo.itembridge.com/promo/img/12.jpg]
[template.cospo.itembridge.com/photographer.html]
[template.cospo.itembridge.com/promo/img/17.jpg]
[template.cospo.itembridge.com/watercolor-artist.html]
[template.cospo.itembridge.com/promo/img/6.jpg]
[template.cospo.itembridge.com/fashion-designer.html]
[template.cospo.itembridge.com/promo/img/11.jpg]
[template.cospo.itembridge.com/underconstruction.html]
[template.cospo.itembridge.com/promo/img/21.jpg]
[ajax.googleapis.com/ajax/libs/jquery/2.2.0/jquery.min.js]
[cdnjs.cloudflare.com/ajax/libs/jquery.isotope/2.2.2/isotope.pkgd.js]
[template.cospo.itembridge.com/promo/js/classList.min.js]
[template.cospo.itembridge.com/js/intoGallery.js]
[template.cospo.itembridge.com/promo/js/main.js]
[template.cospo.itembridge.com/index.html]
[template.cospo.itembridge.com/img/svg/logo.svg]
[template.cospo.itembridge.com/css/ios.css]
[template.cospo.itembridge.com/img/ico/checked-transparent.svg]
[template.cospo.itembridge.com/img/ico/dark/quote.svg]
[template.cospo.itembridge.com/img/ico/dark/checked.svg]
[template.cospo.itembridge.com/img/ico/light/checked.svg]
[template.cospo.itembridge.com/img/ico/light/quote.svg]
[template.cospo.itembridge.com/fonts/1457133584.svg]
[template.cospo.itembridge.com/img/ico/view.svg]
[template.cospo.itembridge.com/img/svg/oval.html]
[template.cospo.itembridge.com/img/svg/loading.svg]
[template.cospo.itembridge.com/img/svg/loading-dark.svg]
[template.cospo.itembridge.com/img/svg/left-menu.svg]
[template.cospo.itembridge.com/img/svg/left-menu-dark.svg]
[template.cospo.itembridge.com/img/ico/share.svg]
[template.cospo.itembridge.com/img/ico/light/close.svg]
[template.cospo.itembridge.com/img/svg/plus.svg]
[template.cospo.itembridge.com/img/ico/dark/next.svg]
[template.cospo.itembridge.com/img/ico/light/next.svg]
[template.cospo.itembridge.com/img/ico/light/menu.svg]
[template.cospo.itembridge.com/img/svg/mail.svg]
[template.cospo.itembridge.com/img/ico/dark/close.svg]
[template.cospo.itembridge.com/img/ico/dark/menu.svg]
[template.cospo.itembridge.com/img/svg/search.svg]
[template.cospo.itembridge.com/img/svg/search-dark.svg]
[template.cospo.itembridge.com/img/svg/home.svg]
[template.cospo.itembridge.com/img/svg/play.svg]
[template.cospo.itembridge.com/img/svg/twitter-dark.svg]
[template.cospo.itembridge.com/img/svg/twitter.svg]
[template.cospo.itembridge.com/img/svg/big-photo.svg]
[template.cospo.itembridge.com/img/svg/big-photo-dark.svg]
[template.cospo.itembridge.com/img/svg/restaurant/basket.svg]
[template.cospo.itembridge.com/img/svg/restaurant/food.svg]
[template.cospo.itembridge.com/img/svg/restaurant/drink.svg]
[template.cospo.itembridge.com/img/svg/restaurant/fruit.svg]
[template.cospo.itembridge.com/img/rental-boards/board.svg]
[template.cospo.itembridge.com/img/ico/mail-under.svg]
[template.cospo.itembridge.com/promo/css/bootstrap.min.css]
[template.cospo.itembridge.com/promo/macbook.png]
[template.cospo.itembridge.com/promo/css/style.css]
[template.cospo.itembridge.com/promo/logo.svg]
[template.cospo.itembridge.com/promo/24.svg]
[template.cospo.itembridge.com/img/boys-band/bg-1.jpg]
[template.cospo.itembridge.com/img/boys-band/bg-2.jpg]
[template.cospo.itembridge.com/img/boys-band/bg-3.jpg]
[template.cospo.itembridge.com/img/backstage/backstage-element-1.jpg]
[template.cospo.itembridge.com/img/backstage/backstage-element-2.jpg]
[template.cospo.itembridge.com/img/backstage/backstage-element-3.jpg]
[template.cospo.itembridge.com/img/backstage/backstage-element-4.jpg]
[template.cospo.itembridge.com/img/backstage/backstage-element-5.jpg]
[template.cospo.itembridge.com/img/backstage/backstage-element-6.jpg]
[template.cospo.itembridge.com/img/backstage/backstage-element-7.jpg]
[template.cospo.itembridge.com/img/backstage/backstage-element-8.jpg]
[template.cospo.itembridge.com/img/boys-band/bg-4.jpg]
[template.cospo.itembridge.com/img/boys-band/bg-5.jpg]
[template.cospo.itembridge.com/img/boys-band/bg-6.jpg]
[code.jquery.com/jquery-2.2.0.min.js]
[template.cospo.itembridge.com/boys-band.html]
[template.cospo.itembridge.com/img/agency/bg/bg-1.jpg]
[template.cospo.itembridge.com/img/team/worker-elements-1.jpg]
[template.cospo.itembridge.com/img/agency/bg/bg-2.jpg]
[template.cospo.itembridge.com/img/team/worker-elements-2.jpg]
[template.cospo.itembridge.com/img/team/worker-elements-3.jpg]
[template.cospo.itembridge.com/img/team/worker-elements-4.jpg]
[template.cospo.itembridge.com/img/team/worker-elements-5.jpg]
[template.cospo.itembridge.com/img/team/worker-elements-6.jpg]
[template.cospo.itembridge.com/img/team/worker-elements-7.jpg]
[template.cospo.itembridge.com/img/team/worker-elements-8.jpg]
[template.cospo.itembridge.com/img/team/worker-elements-9.jpg]
[template.cospo.itembridge.com/img/team/worker-elements-10.jpg]
[template.cospo.itembridge.com/img/agency/bg/bg-3.jpg]
[template.cospo.itembridge.com/img/agency/bg/bg-4.jpg]
[template.cospo.itembridge.com/img/agency/label/1.jpg]
[template.cospo.itembridge.com/img/agency/label/2.jpg]
[template.cospo.itembridge.com/img/agency/label/3.jpg]
[template.cospo.itembridge.com/img/agency/label/4.jpg]
[template.cospo.itembridge.com/img/agency/label/5.jpg]
[template.cospo.itembridge.com/img/agency/label/6.jpg]
[template.cospo.itembridge.com/img/agency/label/7.jpg]
[template.cospo.itembridge.com/img/agency/label/8.jpg]
[template.cospo.itembridge.com/img/agency/label/9.jpg]
[template.cospo.itembridge.com/img/agency/label/10.jpg]
[template.cospo.itembridge.com/img/agency/bg/bg-5.jpg]
[template.cospo.itembridge.com/agency.html]
[template.cospo.itembridge.com/img/dj/bg-1.jpg]
[template.cospo.itembridge.com/img/dj/bg-2.jpg]
[template.cospo.itembridge.com/img/dj/about/image.jpg]
[template.cospo.itembridge.com/img/dj/bg-3.jpg]
[template.cospo.itembridge.com/img/dj/image.jpg]
[template.cospo.itembridge.com/img/dj/bg-4.jpg]
[template.cospo.itembridge.com/img/dj/label/1.jpg]
[template.cospo.itembridge.com/img/dj/label/2.jpg]
[template.cospo.itembridge.com/img/dj/label/3.jpg]
[template.cospo.itembridge.com/img/dj/label/4.jpg]
[template.cospo.itembridge.com/img/dj/label/5.jpg]
[template.cospo.itembridge.com/img/dj/label/6.jpg]
[template.cospo.itembridge.com/img/dj/label/7.jpg]
[template.cospo.itembridge.com/img/dj/label/8.jpg]
[template.cospo.itembridge.com/img/dj/label/9.jpg]
[template.cospo.itembridge.com/img/dj/label/10.jpg]
[template.cospo.itembridge.com/img/dj/bg-5.jpg]
[template.cospo.itembridge.com/img/dj/bg-6.jpg]
[template.cospo.itembridge.com/js/instafeed.min.js]
[template.cospo.itembridge.com/dj.html]
[template.cospo.itembridge.com/img/photographer-agency/bg/bg-2.jpg]
[template.cospo.itembridge.com/img/photographer-agency/about.jpg]
[template.cospo.itembridge.com/img/photographer-agency/bg/bg-3.jpg]
[template.cospo.itembridge.com/img/photographer/label/label1.jpg]
[template.cospo.itembridge.com/img/photographer/label/label2.jpg]
[template.cospo.itembridge.com/img/photographer/label/label3.jpg]
[template.cospo.itembridge.com/img/photographer/label/label4.jpg]
[template.cospo.itembridge.com/img/photographer/label/label5.jpg]
[template.cospo.itembridge.com/img/photographer/label/label6.jpg]
[template.cospo.itembridge.com/img/photographer/label/label7.jpg]
[template.cospo.itembridge.com/img/photographer/label/label8.jpg]
[template.cospo.itembridge.com/img/photographer/label/label9.jpg]
[template.cospo.itembridge.com/img/photographer/label/label10.jpg]
[template.cospo.itembridge.com/img/photographer-agency/bg/bg-4.jpg]
[template.cospo.itembridge.com/img/photographer-agency/bg/bg-5.jpg]
[template.cospo.itembridge.com/photographer-agency.html]
[template.cospo.itembridge.com/img/law-firm/bg/bg-2.jpg]
[template.cospo.itembridge.com/img/law-firm/bg/bg-3.jpg]
[template.cospo.itembridge.com/img/law-firm/bg/bg-4.jpg]
[template.cospo.itembridge.com/img/law-firm/bg/bg-5.jpg]
[template.cospo.itembridge.com/img/faq/1.jpg]
[template.cospo.itembridge.com/img/faq/2.jpg]
[template.cospo.itembridge.com/img/faq/3.jpg]
[template.cospo.itembridge.com/img/faq/4.jpg]
[template.cospo.itembridge.com/img/faq/5.jpg]
[template.cospo.itembridge.com/img/law-firm/bg/bg-6.jpg]
[template.cospo.itembridge.com/law-firm.html]
[template.cospo.itembridge.com/img/classic-performer/bg/bg-1.jpg]
[template.cospo.itembridge.com/img/classic-performer/bg/bg-2.jpg]
[template.cospo.itembridge.com/img/classic-performer/bg/bg-3.jpg]
[template.cospo.itembridge.com/img/classic-performer/bg/bg-4.jpg]
[template.cospo.itembridge.com/img/classic-performer/bg/bg-5.jpg]
[template.cospo.itembridge.com/img/classic-performer/bg/bg-6.jpg]
[template.cospo.itembridge.com/classic-performer.html]
[template.cospo.itembridge.com/img/rental-boards/bg/bg-2.jpg]
[template.cospo.itembridge.com/img/rental-boards/about.jpg]
[template.cospo.itembridge.com/img/rental-boards/bg/bg-4.jpg]
[template.cospo.itembridge.com/img/rental-boards/bg/bg-5.jpg]
[template.cospo.itembridge.com/rental-boards.html]
[template.cospo.itembridge.com/img/app1/bg/bg-1.jpg]
[template.cospo.itembridge.com/img/app1/bg/bg-2.jpg]
[template.cospo.itembridge.com/img/app1/bg/bg-3.jpg]
[template.cospo.itembridge.com/img/app1/label/app-element-1.jpg]
[template.cospo.itembridge.com/img/app1/label/app-element-2.jpg]
[template.cospo.itembridge.com/img/app1/label/app-element-3.jpg]
[template.cospo.itembridge.com/img/app1/label/app-element-4.jpg]
[template.cospo.itembridge.com/img/app1/label/app-element-5.jpg]
[template.cospo.itembridge.com/img/app1/label/app-element-6.jpg]
[template.cospo.itembridge.com/img/app1/label/app-element-7.jpg]
[template.cospo.itembridge.com/img/app1/label/app-element-8.jpg]
[template.cospo.itembridge.com/img/app1/label/app-element-9.jpg]
[template.cospo.itembridge.com/img/app1/label/app-element-10.jpg]
[template.cospo.itembridge.com/img/app1/bg/bg-4.jpg]
[template.cospo.itembridge.com/img/app1/version2.png]
[template.cospo.itembridge.com/app1.html]
[template.cospo.itembridge.com/img/app2/bg-1.jpg]
[template.cospo.itembridge.com/img/app3/iphone-element-1.png]
[template.cospo.itembridge.com/img/app2/mac-element3.png]
[template.cospo.itembridge.com/app2.html]
[template.cospo.itembridge.com/img/app3/bg-6.jpg]
[template.cospo.itembridge.com/img/app3/bg-1.jpg]
[template.cospo.itembridge.com/img/app3/bg-2.jpg]
[template.cospo.itembridge.com/img/app3/mac-element2.png]
[template.cospo.itembridge.com/img/app3/bg-3.jpg]
[template.cospo.itembridge.com/img/app3/bg-4.jpg]
[template.cospo.itembridge.com/img/app3/bg-5.jpg]
[template.cospo.itembridge.com/app3.html]
[template.cospo.itembridge.com/img/personal-man/blog/widget/about.jpg]
[template.cospo.itembridge.com/img/personal-man/bg/bg-1.jpg]
[template.cospo.itembridge.com/img/personal-man/bg/bg-2.jpg]
[template.cospo.itembridge.com/img/personal-man/man-elements-1.jpg]
[template.cospo.itembridge.com/img/personal-man/bg/bg-3.jpg]
[template.cospo.itembridge.com/img/personal-man/blog/element1.jpg]
[template.cospo.itembridge.com/img/personal-man/blog/video-post/label.jpg]
[template.cospo.itembridge.com/img/personal-man/blog/element2.jpg]
[template.cospo.itembridge.com/img/personal-man/bg/bg-4.jpg]
[template.cospo.itembridge.com/js/jquery-ui.min.js]
[template.cospo.itembridge.com/personal-man.html]
[template.cospo.itembridge.com/img/personal-girl/blog/widget/baner.jpg]
[template.cospo.itembridge.com/img/personal-girl/blog/widget/about.jpg]
[template.cospo.itembridge.com/img/personal-girl/bg/bg-2.jpg]
[template.cospo.itembridge.com/img/personal-girl/bg/bg-3.jpg]
[template.cospo.itembridge.com/img/personal-girl/image.jpg]
[template.cospo.itembridge.com/img/personal-girl/blog/image-post/element1.jpg]
[template.cospo.itembridge.com/img/personal-girl/blog/video-post/label2.jpg]
[template.cospo.itembridge.com/img/personal-girl/blog/gallery-post/1.jpg]
[template.cospo.itembridge.com/img/personal-girl/bg/bg-4.jpg]
[template.cospo.itembridge.com/personal-girl.html]
[template.cospo.itembridge.com/img/restaurant/blog/widget/baner.jpg]
[template.cospo.itembridge.com/img/restaurant/blog/widget/about.jpg]
[template.cospo.itembridge.com/img/restaurant/bg/bg-1.jpg]
[template.cospo.itembridge.com/img/restaurant/bg/bg-2.jpg]
[template.cospo.itembridge.com/img/restaurant/bg/bg-3.jpg]
[template.cospo.itembridge.com/img/restaurant/restaurant-element-1.jpg]
[template.cospo.itembridge.com/img/restaurant/restaurant-element-2.jpg]
[template.cospo.itembridge.com/img/restaurant/restaurant-element-3.jpg]
[template.cospo.itembridge.com/img/restaurant/restaurant-element-4.jpg]
[template.cospo.itembridge.com/img/restaurant/restaurant-element-5.jpg]
[template.cospo.itembridge.com/img/restaurant/restaurant-element-6.jpg]
[template.cospo.itembridge.com/img/restaurant/restaurant-element-7.jpg]
[template.cospo.itembridge.com/img/restaurant/restaurant-element-8.jpg]
[template.cospo.itembridge.com/img/restaurant/restaurant-element-9.jpg]
[template.cospo.itembridge.com/img/restaurant/restaurant-element-10.jpg]
[template.cospo.itembridge.com/img/restaurant/bg/bg-4.jpg]
[template.cospo.itembridge.com/img/restaurant/image.jpg]
[template.cospo.itembridge.com/img/restaurant/bg/bg-5.jpg]
[template.cospo.itembridge.com/img/restaurant/blog/image-post/elements1.jpg]
[template.cospo.itembridge.com/img/restaurant/blog/video-post/label.jpg]
[template.cospo.itembridge.com/img/restaurant/blog/gallery-post/1.jpg]
[template.cospo.itembridge.com/img/restaurant/bg/bg-6.jpg]
[template.cospo.itembridge.com/restaurant.html]
[template.cospo.itembridge.com/img/singer/blog/widget/baner.jpg]
[template.cospo.itembridge.com/img/singer/blog/widget/about.jpg]
[template.cospo.itembridge.com/img/singer/bg/pat-2.jpg]
[template.cospo.itembridge.com/img/singer/bg/pat-3.jpg]
[template.cospo.itembridge.com/img/singer/blog/image-post/elements1.jpg]
[template.cospo.itembridge.com/img/singer/blog/video-post/label.jpg]
[template.cospo.itembridge.com/img/singer/blog/gallery-post/1.jpg]
[template.cospo.itembridge.com/img/singer/bg/pat-4.jpg]
[template.cospo.itembridge.com/img/singer/bg/pat-5.jpg]
[template.cospo.itembridge.com/singer.html]
[template.cospo.itembridge.com/video/video-maker.ogv]
[template.cospo.itembridge.com/video/video-maker.webm]
[template.cospo.itembridge.com/video/video-maker.mp4]
[template.cospo.itembridge.com/img/video-maker/bg/bg-2.jpg]
[template.cospo.itembridge.com/img/video-maker/image.jpg]
[template.cospo.itembridge.com/img/video-maker/bg/bg-3.jpg]
[template.cospo.itembridge.com/img/video-maker/label/1.jpg]
[template.cospo.itembridge.com/img/video-maker/label/2.jpg]
[template.cospo.itembridge.com/img/video-maker/label/3.jpg]
[template.cospo.itembridge.com/img/video-maker/label/4.jpg]
[template.cospo.itembridge.com/img/video-maker/label/5.jpg]
[template.cospo.itembridge.com/img/video-maker/label/6.jpg]
[template.cospo.itembridge.com/img/video-maker/label/7.jpg]
[template.cospo.itembridge.com/img/video-maker/label/8.jpg]
[template.cospo.itembridge.com/img/video-maker/label/9.jpg]
[template.cospo.itembridge.com/img/video-maker/label/10.jpg]
[template.cospo.itembridge.com/img/video-maker/bg/bg-4.jpg]
[template.cospo.itembridge.com/img/video-maker/bg/bg-5.jpg]
[template.cospo.itembridge.com/img/video-maker/bg/bg-6.jpg]
[template.cospo.itembridge.com/video-maker.html]
[template.cospo.itembridge.com/img/artist/bg/bg-2.jpg]
[template.cospo.itembridge.com/img/artist/bg/bg-3.jpg]
[template.cospo.itembridge.com/img/works/works-element-1.jpg]
[template.cospo.itembridge.com/img/works/works-element-2.jpg]
[template.cospo.itembridge.com/img/works/works-element-3.jpg]
[template.cospo.itembridge.com/img/works/works-element-4.jpg]
[template.cospo.itembridge.com/img/works/works-element-5.jpg]
[template.cospo.itembridge.com/img/works/works-element-6.jpg]
[template.cospo.itembridge.com/img/works/works-element-7.jpg]
[template.cospo.itembridge.com/img/works/works-element-8.jpg]
[template.cospo.itembridge.com/img/works/works-element-9.jpg]
[template.cospo.itembridge.com/img/works/works-element-10.jpg]
[template.cospo.itembridge.com/img/artist/bg/bg-4.jpg]
[template.cospo.itembridge.com/img/artist/bg/bg-5.jpg]
[template.cospo.itembridge.com/artist.html]
[template.cospo.itembridge.com/video/coming-soon.mp4]
[template.cospo.itembridge.com/video/coming-soon.webm]
[template.cospo.itembridge.com/video/coming-soon.ogg]
[template.cospo.itembridge.com/img/coming-soon/bg/bg-2.jpg]
[template.cospo.itembridge.com/img/coming-soon/bg/bg-3.jpg]
[template.cospo.itembridge.com/coming-soon.html]
[template.cospo.itembridge.com/img/community/bg/bg-2.jpg]
[template.cospo.itembridge.com/img/community/bg/bg-3.jpg]
[template.cospo.itembridge.com/img/community/bg/bg-4.jpg]
[template.cospo.itembridge.com/img/community/bg/bg-5.jpg]
